// Jest Snapshot v1, https://goo.gl/fbAQLP

exports[`App.spec.js has the expected html structure 1`] = `
<div
  id="app"
>
  <!---->
   
  <router-view />
</div>
`;
