// Jest Snapshot v1, https://goo.gl/fbAQLP

exports[`Error.spec.js has the expected html structure 1`] = `
<h1>
  Error
</h1>
`;
