// Jest Snapshot v1, https://goo.gl/fbAQLP

exports[`Login.spec.js has the expected html structure 1`] = `
<div
  class="login-view"
>
  <div
    class="black-filter"
  />
   
  <div
    class="header-logo"
  >
    <h1>
      NIETFLIX
    </h1>
  </div>
   
  <div
    class="login-form-container"
  >
    <h1>
      Sign In
    </h1>
     
    <form
      class="login-inputs"
    >
      <input
        id="login-form-input"
        placeholder="Login"
        tabindex="1"
        type="text"
      />
       
      <input
        id="login-form-password-input"
        placeholder="Password"
        tabindex="2"
        type="password"
      />
       
      <button
        tabindex="3"
        type="submit"
      >
        
      Sign In
    
      </button>
    </form>
     
    <!---->
     
    <div
      class="remember-me"
    >
      <input
        id="remember-me"
        name="remember-me"
        type="checkbox"
      />
       
      <p>
        Remember me
      </p>
    </div>
     
    <div
      class="register"
    >
      
    New to Nietflix? 
      <b>
        Sign up now!
      </b>
    </div>
     
    <!---->
  </div>
   
  <footer>
    <div
      class="footer-content"
    >
      <p>
        Created by Octavio Carpes
      </p>
       
      <ul>
        <li>
          <a
            href="https://github.com/octaviocarpes"
          >
            Github
          </a>
        </li>
         
        <li>
          <a
            href="https://www.linkedin.com/in/octavio-pitrez-carpes-bbbab0148/"
          >
            Linkedin
          </a>
        </li>
      </ul>
       
      <p>
        
        *This is a copy made for study purposes, all rights reserved to
        Netflix
      
      </p>
    </div>
  </footer>
</div>
`;
