// Jest Snapshot v1, https://goo.gl/fbAQLP

exports[`Player.spec.js has the expected html structure 1`] = `<!---->`;
