// Jest Snapshot v1, https://goo.gl/fbAQLP

exports[`Profile.spec.js has the expected html structure 1`] = `<!---->`;
