// Jest Snapshot v1, https://goo.gl/fbAQLP

exports[`MovieThumbnail.spec.js has the expected html structure 1`] = `<!---->`;
