// Jest Snapshot v1, https://goo.gl/fbAQLP

exports[`Navbar.spec.js has the expected html structure 1`] = `
<nav>
  <div
    class="nav-bar-container"
  >
    <div
      class="nav-bar-content-left"
    >
      <div
        class="header-logo"
      >
        <h1>
          NIETFLIX
        </h1>
      </div>
       
      <div
        class="links"
      >
        <ul>
          <li>
            <router-link
              to="movies"
            >
              Movies
            </router-link>
          </li>
           
          <li>
            <router-link
              to="profile"
            >
              Profile
            </router-link>
          </li>
           
          <li>
            <router-link
              to="metrics"
            >
              Metrics
            </router-link>
          </li>
        </ul>
      </div>
    </div>
     
    <div
      class="nav-bar-content-right"
    >
      <div
        class="user"
      >
        <img
          alt="profile icon"
          src=""
        />
         
        <p>
          
        </p>
      </div>
       
      <p>
        Logout
      </p>
    </div>
  </div>
</nav>
`;
